   ▲ Next.js 15.3.1
   - Environments: .env.local

   Creating an optimized production build ...
read ECONNRESET

Retrying 1/3...
read ECONNRESET

Retrying 1/3...
read ECONNRESET

Retrying 1/3...
read ECONNRESET

Retrying 1/3...
read ECONNRESET

Retrying 1/3...
read ECONNRESET

Retrying 1/3...
read ECONNRESET

Retrying 1/3...
read ECONNRESET

Retrying 1/3...
read ECONNRESET

Retrying 1/3...
read ECONNRESET

Retrying 1/3...
read ECONNRESET

Retrying 1/3...
read ECONNRESET

Retrying 1/3...
read ECONNRESET

Retrying 1/3...
read ECONNRESET

Retrying 1/3...
read ECONNRESET

Retrying 1/3...
read ECONNRESET

Retrying 1/3...
read ECONNRESET

Retrying 1/3...
read ECONNRESET

Retrying 1/3...
read ECONNRESET

Retrying 1/3...
read ECONNRESET

Retrying 1/3...
read ECONNRESET

Retrying 1/3...
read ECONNRESET

Retrying 1/3...
read ECONNRESET

Retrying 1/3...
read ECONNRESET

Retrying 1/3...
read ECONNRESET

Retrying 1/3...
read ECONNRESET

Retrying 1/3...
read ECONNRESET

Retrying 1/3...
 ✓ Compiled successfully in 101s
   Linting and checking validity of types ...
   Collecting page data ...
unhandledRejection [Error: Cannot find module './548.js'
Require stack:
- C:\Users\prite\OneDrive\Desktop\changes\3-EXPORT-AS-A-ZIP\.next\server\webpack-runtime.js
- C:\Users\prite\OneDrive\Desktop\changes\3-EXPORT-AS-A-ZIP\.next\server\pages\_document.js
- C:\Users\prite\OneDrive\Desktop\changes\3-EXPORT-AS-A-ZIP\node_modules\next\dist\server\require.js
- C:\Users\prite\OneDrive\Desktop\changes\3-EXPORT-AS-A-ZIP\node_modules\next\dist\server\load-components.js
- C:\Users\prite\OneDrive\Desktop\changes\3-EXPORT-AS-A-ZIP\node_modules\next\dist\build\utils.js
- C:\Users\prite\OneDrive\Desktop\changes\3-EXPORT-AS-A-ZIP\node_modules\next\dist\build\worker.js
- C:\Users\prite\OneDrive\Desktop\changes\3-EXPORT-AS-A-ZIP\node_modules\next\dist\compiled\jest-worker\processChild.js] {
  type: 'Error',
  code: 'MODULE_NOT_FOUND',
  requireStack: [Array]
}
